ARM Linker, 5.03 [Build 76] [MDK-ARM Lite]

==============================================================================

Section Cross References

    startup_rvmdk.o(STACK) refers (Special) to heapauxi.o(.text) for __use_two_region_memory
    startup_rvmdk.o(HEAP) refers (Special) to heapauxi.o(.text) for __use_two_region_memory
    startup_rvmdk.o(RESET) refers (Special) to heapauxi.o(.text) for __use_two_region_memory
    startup_rvmdk.o(RESET) refers to startup_rvmdk.o(STACK) for StackMem
    startup_rvmdk.o(RESET) refers to port.o(.emb_text) for SVC_Handler
    startup_rvmdk.o(RESET) refers to port.o(.text) for SysTick_Handler
    startup_rvmdk.o(RESET) refers to __main.o(!!!main) for __main
    startup_rvmdk.o(.text) refers (Special) to heapauxi.o(.text) for __use_two_region_memory
    startup_rvmdk.o(.text) refers to startup_rvmdk.o(HEAP) for HeapMem
    startup_rvmdk.o(.text) refers to startup_rvmdk.o(STACK) for StackMem
    main.o(.text) refers to dflt_clz.o(x$fpl$dfltu) for __aeabi_ui2d
    main.o(.text) refers to dmul.o(x$fpl$dmul) for __aeabi_dmul
    main.o(.text) refers to f2d.o(x$fpl$f2d) for __aeabi_f2d
    main.o(.text) refers to ddiv.o(x$fpl$ddiv) for __aeabi_ddiv
    main.o(.text) refers to daddsub_clz.o(x$fpl$dadd) for __aeabi_dadd
    main.o(.text) refers to dfixu.o(x$fpl$dfixu) for __aeabi_d2uiz
    main.o(.text) refers to d2f.o(x$fpl$d2f) for __aeabi_d2f
    main.o(.text) refers to tasks.o(.text) for vTaskDelay
    main.o(.text) refers to main.o(.data) for SystemCoreClock
    queue.o(.text) refers to port.o(.text) for vPortEnterCritical
    queue.o(.text) refers to tasks.o(.text) for xTaskRemoveFromEventList
    queue.o(.text) refers to list.o(.text) for vListInitialise
    queue.o(.text) refers to heap_1.o(.text) for pvPortMalloc
    queue.o(.text) refers to rt_memcpy_v6.o(.text) for __aeabi_memcpy
    tasks.o(.text) refers to list.o(.text) for vListInitialise
    tasks.o(.text) refers to port.o(.text) for vPortEnterCritical
    tasks.o(.text) refers to heap_1.o(.text) for pvPortMalloc
    tasks.o(.text) refers to tasks.o(.bss) for pxReadyTasksLists
    tasks.o(.text) refers to tasks.o(.data) for pxDelayedTaskList
    tasks.o(.text) refers to timers.o(.text) for xTimerCreateTimerTask
    timers.o(.text) refers to list.o(.text) for vListInsert
    timers.o(.text) refers to tasks.o(.text) for xTaskGetSchedulerState
    timers.o(.text) refers to queue.o(.text) for xQueueGenericSend
    timers.o(.text) refers to heap_1.o(.text) for vPortFree
    timers.o(.text) refers to port.o(.text) for vPortEnterCritical
    timers.o(.text) refers to timers.o(.data) for pxOverflowTimerList
    timers.o(.text) refers to timers.o(.bss) for xActiveTimerList1
    port.o(.emb_text) refers to tasks.o(.text) for vTaskSwitchContext
    port.o(.emb_text) refers to tasks.o(.data) for pxCurrentTCB
    port.o(.text) refers to port.o(.emb_text) for __asm___6_port_c_39a90d8d__prvEnableVFP
    port.o(.text) refers to tasks.o(.text) for xTaskIncrementTick
    port.o(.text) refers to port.o(.data) for uxCriticalNesting
    port.o(.text) refers to main.o(.data) for SystemCoreClock
    heap_1.o(.text) refers to tasks.o(.text) for vTaskSuspendAll
    heap_1.o(.text) refers to heap_1.o(.data) for pucAlignedHeap
    heap_1.o(.text) refers to heap_1.o(.bss) for ucHeap
    rt_memcpy_v6.o(.text) refers to rt_memcpy_w.o(.text) for __aeabi_memcpy4
    __main.o(!!!main) refers to rtentry.o(.ARM.Collect$$rtentry$$00000000) for __rt_entry
    d2f.o(x$fpl$d2f) refers (Special) to usenofp.o(x$fpl$usenofp) for __I$use$fp
    d2f.o(x$fpl$d2f) refers to fretinf.o(x$fpl$fretinf) for __fpl_fretinf
    d2f.o(x$fpl$d2f) refers to dnaninf.o(x$fpl$dnaninf) for __fpl_dnaninf
    daddsub_clz.o(x$fpl$dadd) refers (Special) to usenofp.o(x$fpl$usenofp) for __I$use$fp
    daddsub_clz.o(x$fpl$dadd) refers to daddsub_clz.o(x$fpl$dsub) for _dsub1
    daddsub_clz.o(x$fpl$dadd) refers to dretinf.o(x$fpl$dretinf) for __fpl_dretinf
    daddsub_clz.o(x$fpl$dadd) refers to dnaninf.o(x$fpl$dnaninf) for __fpl_dnaninf
    daddsub_clz.o(x$fpl$drsb) refers (Special) to usenofp.o(x$fpl$usenofp) for __I$use$fp
    daddsub_clz.o(x$fpl$drsb) refers to daddsub_clz.o(x$fpl$dadd) for _dadd1
    daddsub_clz.o(x$fpl$drsb) refers to daddsub_clz.o(x$fpl$dsub) for _dsub1
    daddsub_clz.o(x$fpl$dsub) refers (Special) to usenofp.o(x$fpl$usenofp) for __I$use$fp
    daddsub_clz.o(x$fpl$dsub) refers to daddsub_clz.o(x$fpl$dadd) for _dadd1
    daddsub_clz.o(x$fpl$dsub) refers to dnaninf.o(x$fpl$dnaninf) for __fpl_dnaninf
    ddiv.o(x$fpl$drdiv) refers (Special) to usenofp.o(x$fpl$usenofp) for __I$use$fp
    ddiv.o(x$fpl$drdiv) refers to ddiv.o(x$fpl$ddiv) for ddiv_entry
    ddiv.o(x$fpl$ddiv) refers (Special) to usenofp.o(x$fpl$usenofp) for __I$use$fp
    ddiv.o(x$fpl$ddiv) refers to dretinf.o(x$fpl$dretinf) for __fpl_dretinf
    ddiv.o(x$fpl$ddiv) refers to dnaninf.o(x$fpl$dnaninf) for __fpl_dnaninf
    dfixu.o(x$fpl$dfixu) refers (Special) to usenofp.o(x$fpl$usenofp) for __I$use$fp
    dfixu.o(x$fpl$dfixu) refers to dnaninf.o(x$fpl$dnaninf) for __fpl_dnaninf
    dfixu.o(x$fpl$dfixur) refers (Special) to usenofp.o(x$fpl$usenofp) for __I$use$fp
    dfixu.o(x$fpl$dfixur) refers to dnaninf.o(x$fpl$dnaninf) for __fpl_dnaninf
    dflt_clz.o(x$fpl$dfltu) refers (Special) to usenofp.o(x$fpl$usenofp) for __I$use$fp
    dflt_clz.o(x$fpl$dflt) refers (Special) to usenofp.o(x$fpl$usenofp) for __I$use$fp
    dflt_clz.o(x$fpl$dfltn) refers (Special) to usenofp.o(x$fpl$usenofp) for __I$use$fp
    dmul.o(x$fpl$dmul) refers (Special) to usenofp.o(x$fpl$usenofp) for __I$use$fp
    dmul.o(x$fpl$dmul) refers to dretinf.o(x$fpl$dretinf) for __fpl_dretinf
    dmul.o(x$fpl$dmul) refers to dnaninf.o(x$fpl$dnaninf) for __fpl_dnaninf
    f2d.o(x$fpl$f2d) refers (Special) to usenofp.o(x$fpl$usenofp) for __I$use$fp
    f2d.o(x$fpl$f2d) refers to fnaninf.o(x$fpl$fnaninf) for __fpl_fnaninf
    f2d.o(x$fpl$f2d) refers to dretinf.o(x$fpl$dretinf) for __fpl_dretinf
    rtentry.o(.ARM.Collect$$rtentry$$00000000) refers (Special) to rtentry2.o(.ARM.Collect$$rtentry$$0000000A) for __rt_entry_li
    rtentry.o(.ARM.Collect$$rtentry$$00000000) refers (Special) to rtentry2.o(.ARM.Collect$$rtentry$$0000000D) for __rt_entry_main
    rtentry.o(.ARM.Collect$$rtentry$$00000000) refers (Special) to rtentry2.o(.ARM.Collect$$rtentry$$0000000C) for __rt_entry_postli_1
    rtentry.o(.ARM.Collect$$rtentry$$00000000) refers (Special) to rtentry2.o(.ARM.Collect$$rtentry$$00000009) for __rt_entry_postsh_1
    rtentry.o(.ARM.Collect$$rtentry$$00000000) refers (Special) to rtentry2.o(.ARM.Collect$$rtentry$$00000002) for __rt_entry_presh_1
    rtentry.o(.ARM.Collect$$rtentry$$00000000) refers (Special) to rtentry4.o(.ARM.Collect$$rtentry$$00000004) for __rt_entry_sh
    dnaninf.o(x$fpl$dnaninf) refers (Special) to usenofp.o(x$fpl$usenofp) for __I$use$fp
    dretinf.o(x$fpl$dretinf) refers (Special) to usenofp.o(x$fpl$usenofp) for __I$use$fp
    fnaninf.o(x$fpl$fnaninf) refers (Special) to usenofp.o(x$fpl$usenofp) for __I$use$fp
    fretinf.o(x$fpl$fretinf) refers (Special) to usenofp.o(x$fpl$usenofp) for __I$use$fp
    rtentry2.o(.ARM.Collect$$rtentry$$00000008) refers to boardinit2.o(.text) for _platform_post_stackheap_init
    rtentry2.o(.ARM.Collect$$rtentry$$0000000A) refers to libinit.o(.ARM.Collect$$libinit$$00000000) for __rt_lib_init
    rtentry2.o(.ARM.Collect$$rtentry$$0000000B) refers to boardinit3.o(.text) for _platform_post_lib_init
    rtentry2.o(.ARM.Collect$$rtentry$$0000000D) refers to main.o(.text) for main
    rtentry2.o(.ARM.Collect$$rtentry$$0000000D) refers to exit.o(.text) for exit
    rtentry2.o(.ARM.exidx) refers to rtentry2.o(.ARM.Collect$$rtentry$$00000001) for .ARM.Collect$$rtentry$$00000001
    rtentry2.o(.ARM.exidx) refers to rtentry2.o(.ARM.Collect$$rtentry$$00000008) for .ARM.Collect$$rtentry$$00000008
    rtentry2.o(.ARM.exidx) refers to rtentry2.o(.ARM.Collect$$rtentry$$0000000A) for .ARM.Collect$$rtentry$$0000000A
    rtentry2.o(.ARM.exidx) refers to rtentry2.o(.ARM.Collect$$rtentry$$0000000B) for .ARM.Collect$$rtentry$$0000000B
    rtentry2.o(.ARM.exidx) refers to rtentry2.o(.ARM.Collect$$rtentry$$0000000D) for .ARM.Collect$$rtentry$$0000000D
    rtentry4.o(.ARM.Collect$$rtentry$$00000004) refers to sys_stackheap_outer.o(.text) for __user_setup_stackheap
    rtentry4.o(.ARM.exidx) refers to rtentry4.o(.ARM.Collect$$rtentry$$00000004) for .ARM.Collect$$rtentry$$00000004
    sys_stackheap_outer.o(.text) refers to libspace.o(.text) for __user_perproc_libspace
    sys_stackheap_outer.o(.text) refers to startup_rvmdk.o(.text) for __user_initial_stackheap
    exit.o(.text) refers to rtexit.o(.ARM.Collect$$rtexit$$00000000) for __rt_exit
    libinit.o(.ARM.Collect$$libinit$$00000000) refers (Special) to libinit2.o(.ARM.Collect$$libinit$$0000002C) for __rt_lib_init_alloca_1
    libinit.o(.ARM.Collect$$libinit$$00000000) refers (Special) to libinit2.o(.ARM.Collect$$libinit$$0000002A) for __rt_lib_init_argv_1
    libinit.o(.ARM.Collect$$libinit$$00000000) refers (Special) to libinit2.o(.ARM.Collect$$libinit$$00000019) for __rt_lib_init_atexit_1
    libinit.o(.ARM.Collect$$libinit$$00000000) refers (Special) to libinit2.o(.ARM.Collect$$libinit$$0000001F) for __rt_lib_init_clock_1
    libinit.o(.ARM.Collect$$libinit$$00000000) refers (Special) to libinit2.o(.ARM.Collect$$libinit$$00000030) for __rt_lib_init_cpp_1
    libinit.o(.ARM.Collect$$libinit$$00000000) refers (Special) to libinit2.o(.ARM.Collect$$libinit$$0000002E) for __rt_lib_init_exceptions_1
    libinit.o(.ARM.Collect$$libinit$$00000000) refers (Special) to libinit2.o(.ARM.Collect$$libinit$$00000001) for __rt_lib_init_fp_1
    libinit.o(.ARM.Collect$$libinit$$00000000) refers (Special) to libinit2.o(.ARM.Collect$$libinit$$0000001D) for __rt_lib_init_fp_trap_1
    libinit.o(.ARM.Collect$$libinit$$00000000) refers (Special) to libinit2.o(.ARM.Collect$$libinit$$00000021) for __rt_lib_init_getenv_1
    libinit.o(.ARM.Collect$$libinit$$00000000) refers (Special) to libinit2.o(.ARM.Collect$$libinit$$00000008) for __rt_lib_init_heap_1
    libinit.o(.ARM.Collect$$libinit$$00000000) refers (Special) to libinit2.o(.ARM.Collect$$libinit$$0000000F) for __rt_lib_init_lc_collate_1
    libinit.o(.ARM.Collect$$libinit$$00000000) refers (Special) to libinit2.o(.ARM.Collect$$libinit$$00000011) for __rt_lib_init_lc_ctype_1
    libinit.o(.ARM.Collect$$libinit$$00000000) refers (Special) to libinit2.o(.ARM.Collect$$libinit$$00000013) for __rt_lib_init_lc_monetary_1
    libinit.o(.ARM.Collect$$libinit$$00000000) refers (Special) to libinit2.o(.ARM.Collect$$libinit$$00000015) for __rt_lib_init_lc_numeric_1
    libinit.o(.ARM.Collect$$libinit$$00000000) refers (Special) to libinit2.o(.ARM.Collect$$libinit$$00000017) for __rt_lib_init_lc_time_1
    libinit.o(.ARM.Collect$$libinit$$00000000) refers (Special) to libinit2.o(.ARM.Collect$$libinit$$0000000C) for __rt_lib_init_rand_1
    libinit.o(.ARM.Collect$$libinit$$00000000) refers (Special) to libinit2.o(.ARM.Collect$$libinit$$00000031) for __rt_lib_init_return
    libinit.o(.ARM.Collect$$libinit$$00000000) refers (Special) to libinit2.o(.ARM.Collect$$libinit$$0000001B) for __rt_lib_init_signal_1
    libinit.o(.ARM.Collect$$libinit$$00000000) refers (Special) to libinit2.o(.ARM.Collect$$libinit$$00000023) for __rt_lib_init_stdio_1
    libinit.o(.ARM.Collect$$libinit$$00000000) refers (Special) to libinit2.o(.ARM.Collect$$libinit$$0000000A) for __rt_lib_init_user_alloc_1
    libspace.o(.text) refers to libspace.o(.bss) for __libspace_start
    rtexit.o(.ARM.Collect$$rtexit$$00000000) refers (Special) to rtexit2.o(.ARM.Collect$$rtexit$$00000004) for __rt_exit_exit
    rtexit.o(.ARM.Collect$$rtexit$$00000000) refers (Special) to rtexit2.o(.ARM.Collect$$rtexit$$00000003) for __rt_exit_ls
    rtexit.o(.ARM.Collect$$rtexit$$00000000) refers (Special) to rtexit2.o(.ARM.Collect$$rtexit$$00000002) for __rt_exit_prels_1
    rtexit.o(.ARM.exidx) refers (Special) to rtexit2.o(.ARM.Collect$$rtexit$$00000004) for __rt_exit_exit
    rtexit.o(.ARM.exidx) refers (Special) to rtexit2.o(.ARM.Collect$$rtexit$$00000003) for __rt_exit_ls
    rtexit.o(.ARM.exidx) refers (Special) to rtexit2.o(.ARM.Collect$$rtexit$$00000002) for __rt_exit_prels_1
    rtexit.o(.ARM.exidx) refers to rtexit.o(.ARM.Collect$$rtexit$$00000000) for .ARM.Collect$$rtexit$$00000000
    libinit2.o(.ARM.Collect$$libinit$$00000001) refers to fpinit.o(x$fpl$fpinit) for _fp_init
    libinit2.o(.ARM.Collect$$libinit$$0000000E) refers to libinit2.o(.ARM.Collect$$libinit$$0000000D) for .ARM.Collect$$libinit$$0000000D
    libinit2.o(.ARM.Collect$$libinit$$00000010) refers to libinit2.o(.ARM.Collect$$libinit$$0000000D) for .ARM.Collect$$libinit$$0000000D
    libinit2.o(.ARM.Collect$$libinit$$00000012) refers to libinit2.o(.ARM.Collect$$libinit$$0000000D) for .ARM.Collect$$libinit$$0000000D
    libinit2.o(.ARM.Collect$$libinit$$00000014) refers to libinit2.o(.ARM.Collect$$libinit$$0000000D) for .ARM.Collect$$libinit$$0000000D
    libinit2.o(.ARM.Collect$$libinit$$00000016) refers to libinit2.o(.ARM.Collect$$libinit$$0000000D) for .ARM.Collect$$libinit$$0000000D
    libinit2.o(.ARM.Collect$$libinit$$00000024) refers to argv_veneer.o(.emb_text) for __ARM_argv_veneer
    libinit2.o(.ARM.Collect$$libinit$$00000025) refers to argv_veneer.o(.emb_text) for __ARM_argv_veneer
    rtexit2.o(.ARM.Collect$$rtexit$$00000003) refers to libshutdown.o(.ARM.Collect$$libshutdown$$00000000) for __rt_lib_shutdown
    rtexit2.o(.ARM.Collect$$rtexit$$00000004) refers to sys_exit.o(.text) for _sys_exit
    rtexit2.o(.ARM.exidx) refers to rtexit2.o(.ARM.Collect$$rtexit$$00000001) for .ARM.Collect$$rtexit$$00000001
    rtexit2.o(.ARM.exidx) refers to rtexit2.o(.ARM.Collect$$rtexit$$00000003) for .ARM.Collect$$rtexit$$00000003
    rtexit2.o(.ARM.exidx) refers to rtexit2.o(.ARM.Collect$$rtexit$$00000004) for .ARM.Collect$$rtexit$$00000004
    argv_veneer.o(.emb_text) refers to no_argv.o(.text) for __ARM_get_argv
    sys_exit.o(.text) refers (Special) to use_no_semi.o(.text) for __I$use$semihosting
    sys_exit.o(.text) refers (Special) to indicate_semi.o(.text) for __semihosting_library_function
    _get_argv_nomalloc.o(.text) refers (Special) to hrguard.o(.text) for __heap_region$guard
    _get_argv_nomalloc.o(.text) refers to defsig_rtmem_outer.o(.text) for __rt_SIGRTMEM
    _get_argv_nomalloc.o(.text) refers to sys_command.o(.text) for _sys_command_string
    libshutdown.o(.ARM.Collect$$libshutdown$$00000000) refers (Special) to libshutdown2.o(.ARM.Collect$$libshutdown$$00000006) for __rt_lib_shutdown_fp_trap_1
    libshutdown.o(.ARM.Collect$$libshutdown$$00000000) refers (Special) to libshutdown2.o(.ARM.Collect$$libshutdown$$0000000E) for __rt_lib_shutdown_heap_1
    libshutdown.o(.ARM.Collect$$libshutdown$$00000000) refers (Special) to libshutdown2.o(.ARM.Collect$$libshutdown$$0000000F) for __rt_lib_shutdown_return
    libshutdown.o(.ARM.Collect$$libshutdown$$00000000) refers (Special) to libshutdown2.o(.ARM.Collect$$libshutdown$$00000009) for __rt_lib_shutdown_signal_1
    libshutdown.o(.ARM.Collect$$libshutdown$$00000000) refers (Special) to libshutdown2.o(.ARM.Collect$$libshutdown$$00000003) for __rt_lib_shutdown_stdio_1
    libshutdown.o(.ARM.Collect$$libshutdown$$00000000) refers (Special) to libshutdown2.o(.ARM.Collect$$libshutdown$$0000000B) for __rt_lib_shutdown_user_alloc_1
    sys_command.o(.text) refers (Special) to use_no_semi.o(.text) for __I$use$semihosting
    sys_command.o(.text) refers (Special) to indicate_semi.o(.text) for __semihosting_library_function
    defsig_rtmem_outer.o(.text) refers to defsig_rtmem_inner.o(.text) for __rt_SIGRTMEM_inner
    defsig_rtmem_outer.o(.text) refers to defsig_exit.o(.text) for __sig_exit
    defsig_rtmem_formal.o(.text) refers to rt_raise.o(.text) for __rt_raise
    rt_raise.o(.text) refers to __raise.o(.text) for __raise
    rt_raise.o(.text) refers to sys_exit.o(.text) for _sys_exit
    defsig_exit.o(.text) refers to sys_exit.o(.text) for _sys_exit
    defsig_rtmem_inner.o(.text) refers to defsig_general.o(.text) for __default_signal_display
    __raise.o(.text) refers to defsig.o(CL$$defsig) for __default_signal_handler
    defsig_general.o(.text) refers to sys_wrch.o(.text) for _ttywrch
    sys_wrch.o(.text) refers (Special) to use_no_semi.o(.text) for __I$use$semihosting
    sys_wrch.o(.text) refers (Special) to indicate_semi.o(.text) for __semihosting_library_function
    defsig.o(CL$$defsig) refers to defsig_rtmem_inner.o(.text) for __rt_SIGRTMEM_inner
    defsig_abrt_inner.o(.text) refers to defsig_general.o(.text) for __default_signal_display
    defsig_fpe_inner.o(.text) refers to defsig_general.o(.text) for __default_signal_display
    defsig_rtred_inner.o(.text) refers to defsig_general.o(.text) for __default_signal_display
    defsig_stak_inner.o(.text) refers to defsig_general.o(.text) for __default_signal_display
    defsig_pvfn_inner.o(.text) refers to defsig_general.o(.text) for __default_signal_display
    defsig_cppl_inner.o(.text) refers to defsig_general.o(.text) for __default_signal_display
    defsig_segv_inner.o(.text) refers to defsig_general.o(.text) for __default_signal_display
    defsig_other.o(.text) refers to defsig_general.o(.text) for __default_signal_display


==============================================================================

Image Symbol Table

    Local Symbols

    Symbol Name                              Value     Ov Type        Size  Object(Section)

    RESET                                    0x00000000   Section      648  startup_rvmdk.o(RESET)
    ../clib/angel/boardlib.s                 0x00000000   Number         0  boardinit2.o ABSOLUTE
    ../clib/angel/boardlib.s                 0x00000000   Number         0  boardinit3.o ABSOLUTE
    ../clib/angel/boardlib.s                 0x00000000   Number         0  boardshut.o ABSOLUTE
    ../clib/angel/boardlib.s                 0x00000000   Number         0  boardinit1.o ABSOLUTE
    ../clib/angel/handlers.s                 0x00000000   Number         0  __scatter_copy.o ABSOLUTE
    ../clib/angel/handlers.s                 0x00000000   Number         0  __scatter_zi.o ABSOLUTE
    ../clib/angel/kernel.s                   0x00000000   Number         0  rtentry2.o ABSOLUTE
    ../clib/angel/kernel.s                   0x00000000   Number         0  rtexit2.o ABSOLUTE
    ../clib/angel/kernel.s                   0x00000000   Number         0  rtentry.o ABSOLUTE
    ../clib/angel/kernel.s                   0x00000000   Number         0  rtexit.o ABSOLUTE
    ../clib/angel/kernel.s                   0x00000000   Number         0  rtentry4.o ABSOLUTE
    ../clib/angel/rt.s                       0x00000000   Number         0  rt_raise.o ABSOLUTE
    ../clib/angel/scatter.s                  0x00000000   Number         0  __scatter.o ABSOLUTE
    ../clib/angel/startup.s                  0x00000000   Number         0  __main.o ABSOLUTE
    ../clib/angel/sys.s                      0x00000000   Number         0  use_no_semi.o ABSOLUTE
    ../clib/angel/sys.s                      0x00000000   Number         0  indicate_semi.o ABSOLUTE
    ../clib/angel/sys.s                      0x00000000   Number         0  libspace.o ABSOLUTE
    ../clib/angel/sys.s                      0x00000000   Number         0  sys_stackheap_outer.o ABSOLUTE
    ../clib/angel/sysapp.c                   0x00000000   Number         0  sys_command.o ABSOLUTE
    ../clib/angel/sysapp.c                   0x00000000   Number         0  sys_wrch.o ABSOLUTE
    ../clib/angel/sysapp.c                   0x00000000   Number         0  sys_exit.o ABSOLUTE
    ../clib/armsys.c                         0x00000000   Number         0  _get_argv_nomalloc.o ABSOLUTE
    ../clib/armsys.c                         0x00000000   Number         0  argv_veneer.o ABSOLUTE
    ../clib/armsys.c                         0x00000000   Number         0  argv_veneer.o ABSOLUTE
    ../clib/armsys.c                         0x00000000   Number         0  no_argv.o ABSOLUTE
    ../clib/heapalloc.c                      0x00000000   Number         0  hrguard.o ABSOLUTE
    ../clib/heapaux.c                        0x00000000   Number         0  heapauxi.o ABSOLUTE
    ../clib/libinit.s                        0x00000000   Number         0  libshutdown.o ABSOLUTE
    ../clib/libinit.s                        0x00000000   Number         0  libinit2.o ABSOLUTE
    ../clib/libinit.s                        0x00000000   Number         0  libshutdown2.o ABSOLUTE
    ../clib/libinit.s                        0x00000000   Number         0  libinit.o ABSOLUTE
    ../clib/memcpset.s                       0x00000000   Number         0  rt_memcpy_w.o ABSOLUTE
    ../clib/memcpset.s                       0x00000000   Number         0  rt_memcpy_v6.o ABSOLUTE
    ../clib/signal.c                         0x00000000   Number         0  defsig_abrt_inner.o ABSOLUTE
    ../clib/signal.c                         0x00000000   Number         0  defsig_general.o ABSOLUTE
    ../clib/signal.c                         0x00000000   Number         0  __raise.o ABSOLUTE
    ../clib/signal.c                         0x00000000   Number         0  defsig_rtmem_inner.o ABSOLUTE
    ../clib/signal.c                         0x00000000   Number         0  defsig_exit.o ABSOLUTE
    ../clib/signal.c                         0x00000000   Number         0  defsig_fpe_inner.o ABSOLUTE
    ../clib/signal.c                         0x00000000   Number         0  defsig_rtmem_formal.o ABSOLUTE
    ../clib/signal.c                         0x00000000   Number         0  defsig_other.o ABSOLUTE
    ../clib/signal.c                         0x00000000   Number         0  defsig_segv_inner.o ABSOLUTE
    ../clib/signal.c                         0x00000000   Number         0  defsig_cppl_inner.o ABSOLUTE
    ../clib/signal.c                         0x00000000   Number         0  defsig_pvfn_inner.o ABSOLUTE
    ../clib/signal.c                         0x00000000   Number         0  defsig_stak_inner.o ABSOLUTE
    ../clib/signal.c                         0x00000000   Number         0  defsig_rtred_inner.o ABSOLUTE
    ../clib/signal.c                         0x00000000   Number         0  defsig_rtmem_outer.o ABSOLUTE
    ../clib/signal.s                         0x00000000   Number         0  defsig.o ABSOLUTE
    ../clib/stdlib.c                         0x00000000   Number         0  exit.o ABSOLUTE
    ../fplib/d2f.s                           0x00000000   Number         0  d2f.o ABSOLUTE
    ../fplib/daddsub.s                       0x00000000   Number         0  daddsub_clz.o ABSOLUTE
    ../fplib/ddiv.s                          0x00000000   Number         0  ddiv.o ABSOLUTE
    ../fplib/dfixu.s                         0x00000000   Number         0  dfixu.o ABSOLUTE
    ../fplib/dflt.s                          0x00000000   Number         0  dflt_clz.o ABSOLUTE
    ../fplib/dmul.s                          0x00000000   Number         0  dmul.o ABSOLUTE
    ../fplib/dnaninf.s                       0x00000000   Number         0  dnaninf.o ABSOLUTE
    ../fplib/dretinf.s                       0x00000000   Number         0  dretinf.o ABSOLUTE
    ../fplib/f2d.s                           0x00000000   Number         0  f2d.o ABSOLUTE
    ../fplib/fnaninf.s                       0x00000000   Number         0  fnaninf.o ABSOLUTE
    ../fplib/fpinit.s                        0x00000000   Number         0  fpinit.o ABSOLUTE
    ../fplib/fretinf.s                       0x00000000   Number         0  fretinf.o ABSOLUTE
    ../fplib/usenofp.s                       0x00000000   Number         0  usenofp.o ABSOLUTE
    FreeRTOS\Source\list.c                   0x00000000   Number         0  list.o ABSOLUTE
    FreeRTOS\Source\portable\MemMang\heap_1.c 0x00000000   Number         0  heap_1.o ABSOLUTE
    FreeRTOS\Source\portable\RVDS\ARM_CM4F\port.c 0x00000000   Number         0  port.o ABSOLUTE
    FreeRTOS\Source\queue.c                  0x00000000   Number         0  queue.o ABSOLUTE
    FreeRTOS\Source\tasks.c                  0x00000000   Number         0  tasks.o ABSOLUTE
    FreeRTOS\Source\timers.c                 0x00000000   Number         0  timers.o ABSOLUTE
    FreeRTOS\\Source\\portable\\RVDS\\ARM_CM4F\\port.c 0x00000000   Number         0  port.o ABSOLUTE
    dc.s                                     0x00000000   Number         0  dc.o ABSOLUTE
    main.c                                   0x00000000   Number         0  main.o ABSOLUTE
    startup_rvmdk.S                          0x00000000   Number         0  startup_rvmdk.o ABSOLUTE
    $v0                                      0x0000026c   Number         0  startup_rvmdk.o(RESET)
    NmiSR                                    0x00000281   Thumb Code     0  startup_rvmdk.o(RESET)
    FaultISR                                 0x00000283   Thumb Code     0  startup_rvmdk.o(RESET)
    IntDefaultHandler                        0x00000285   Thumb Code     0  startup_rvmdk.o(RESET)
    !!!main                                  0x00000288   Section        8  __main.o(!!!main)
    !!!scatter                               0x00000290   Section       52  __scatter.o(!!!scatter)
    !!handler_copy                           0x000002c4   Section       26  __scatter_copy.o(!!handler_copy)
    !!handler_zi                             0x000002e0   Section       28  __scatter_zi.o(!!handler_zi)
    .ARM.Collect$$libinit$$00000000          0x000002fc   Section        2  libinit.o(.ARM.Collect$$libinit$$00000000)
    .ARM.Collect$$libinit$$00000001          0x000002fe   Section        4  libinit2.o(.ARM.Collect$$libinit$$00000001)
    .ARM.Collect$$libinit$$00000008          0x00000302   Section        0  libinit2.o(.ARM.Collect$$libinit$$00000008)
    .ARM.Collect$$libinit$$0000000A          0x00000302   Section        0  libinit2.o(.ARM.Collect$$libinit$$0000000A)
    .ARM.Collect$$libinit$$0000000C          0x00000302   Section        0  libinit2.o(.ARM.Collect$$libinit$$0000000C)
    .ARM.Collect$$libinit$$0000000F          0x00000302   Section        0  libinit2.o(.ARM.Collect$$libinit$$0000000F)
    .ARM.Collect$$libinit$$00000011          0x00000302   Section        0  libinit2.o(.ARM.Collect$$libinit$$00000011)
    .ARM.Collect$$libinit$$00000013          0x00000302   Section        0  libinit2.o(.ARM.Collect$$libinit$$00000013)
    .ARM.Collect$$libinit$$00000015          0x00000302   Section        0  libinit2.o(.ARM.Collect$$libinit$$00000015)
    .ARM.Collect$$libinit$$00000017          0x00000302   Section        0  libinit2.o(.ARM.Collect$$libinit$$00000017)
    .ARM.Collect$$libinit$$00000019          0x00000302   Section        0  libinit2.o(.ARM.Collect$$libinit$$00000019)
    .ARM.Collect$$libinit$$0000001B          0x00000302   Section        0  libinit2.o(.ARM.Collect$$libinit$$0000001B)
    .ARM.Collect$$libinit$$0000001D          0x00000302   Section        0  libinit2.o(.ARM.Collect$$libinit$$0000001D)
    .ARM.Collect$$libinit$$0000001F          0x00000302   Section        0  libinit2.o(.ARM.Collect$$libinit$$0000001F)
    .ARM.Collect$$libinit$$00000021          0x00000302   Section        0  libinit2.o(.ARM.Collect$$libinit$$00000021)
    .ARM.Collect$$libinit$$00000023          0x00000302   Section        0  libinit2.o(.ARM.Collect$$libinit$$00000023)
    .ARM.Collect$$libinit$$0000002A          0x00000302   Section        0  libinit2.o(.ARM.Collect$$libinit$$0000002A)
    .ARM.Collect$$libinit$$0000002C          0x00000302   Section        0  libinit2.o(.ARM.Collect$$libinit$$0000002C)
    .ARM.Collect$$libinit$$0000002E          0x00000302   Section        0  libinit2.o(.ARM.Collect$$libinit$$0000002E)
    .ARM.Collect$$libinit$$00000030          0x00000302   Section        0  libinit2.o(.ARM.Collect$$libinit$$00000030)
    .ARM.Collect$$libinit$$00000031          0x00000302   Section        2  libinit2.o(.ARM.Collect$$libinit$$00000031)
    .ARM.Collect$$libshutdown$$00000000      0x00000304   Section        2  libshutdown.o(.ARM.Collect$$libshutdown$$00000000)
    .ARM.Collect$$libshutdown$$00000003      0x00000306   Section        0  libshutdown2.o(.ARM.Collect$$libshutdown$$00000003)
    .ARM.Collect$$libshutdown$$00000006      0x00000306   Section        0  libshutdown2.o(.ARM.Collect$$libshutdown$$00000006)
    .ARM.Collect$$libshutdown$$00000009      0x00000306   Section        0  libshutdown2.o(.ARM.Collect$$libshutdown$$00000009)
    .ARM.Collect$$libshutdown$$0000000B      0x00000306   Section        0  libshutdown2.o(.ARM.Collect$$libshutdown$$0000000B)
    .ARM.Collect$$libshutdown$$0000000E      0x00000306   Section        0  libshutdown2.o(.ARM.Collect$$libshutdown$$0000000E)
    .ARM.Collect$$libshutdown$$0000000F      0x00000306   Section        2  libshutdown2.o(.ARM.Collect$$libshutdown$$0000000F)
    .ARM.Collect$$rtentry$$00000000          0x00000308   Section        0  rtentry.o(.ARM.Collect$$rtentry$$00000000)
    .ARM.Collect$$rtentry$$00000002          0x00000308   Section        0  rtentry2.o(.ARM.Collect$$rtentry$$00000002)
    .ARM.Collect$$rtentry$$00000004          0x00000308   Section        6  rtentry4.o(.ARM.Collect$$rtentry$$00000004)
    .ARM.Collect$$rtentry$$00000009          0x0000030e   Section        0  rtentry2.o(.ARM.Collect$$rtentry$$00000009)
    .ARM.Collect$$rtentry$$0000000A          0x0000030e   Section        4  rtentry2.o(.ARM.Collect$$rtentry$$0000000A)
    .ARM.Collect$$rtentry$$0000000C          0x00000312   Section        0  rtentry2.o(.ARM.Collect$$rtentry$$0000000C)
    .ARM.Collect$$rtentry$$0000000D          0x00000312   Section        8  rtentry2.o(.ARM.Collect$$rtentry$$0000000D)
    .ARM.Collect$$rtexit$$00000000           0x0000031a   Section        2  rtexit.o(.ARM.Collect$$rtexit$$00000000)
    .ARM.Collect$$rtexit$$00000002           0x0000031c   Section        0  rtexit2.o(.ARM.Collect$$rtexit$$00000002)
    .ARM.Collect$$rtexit$$00000003           0x0000031c   Section        4  rtexit2.o(.ARM.Collect$$rtexit$$00000003)
    .ARM.Collect$$rtexit$$00000004           0x00000320   Section        6  rtexit2.o(.ARM.Collect$$rtexit$$00000004)
    .emb_text                                0x00000328   Section      190  port.o(.emb_text)
    $v0                                      0x00000328   Number         0  port.o(.emb_text)
    .text                                    0x000003e8   Section       24  startup_rvmdk.o(.text)
    $v0                                      0x000003e8   Number         0  startup_rvmdk.o(.text)
    .text                                    0x00000400   Section        0  main.o(.text)
    .text                                    0x000007fc   Section        0  list.o(.text)
    .text                                    0x00000890   Section        0  queue.o(.text)
    prvInitialiseNewQueue                    0x00000925   Thumb Code    42  queue.o(.text)
    prvCopyDataToQueue                       0x000009a9   Thumb Code   124  queue.o(.text)
    prvNotifyQueueSetContainer               0x00000a25   Thumb Code   148  queue.o(.text)
    prvUnlockQueue                           0x00000ab9   Thumb Code   146  queue.o(.text)
    prvIsQueueFull                           0x00000b4b   Thumb Code    30  queue.o(.text)
    prvInitialiseMutex                       0x00000d37   Thumb Code    28  queue.o(.text)
    prvGetDisinheritPriorityAfterTimeout     0x00000dbf   Thumb Code    20  queue.o(.text)
    prvIsQueueEmpty                          0x00000dd3   Thumb Code    26  queue.o(.text)
    prvCopyDataFromQueue                     0x00001267   Thumb Code    42  queue.o(.text)
    .text                                    0x000018c8   Section        0  tasks.o(.text)
    prvInitialiseTaskLists                   0x000018c9   Thumb Code    70  tasks.o(.text)
    prvAddNewTaskToReadyList                 0x0000190f   Thumb Code   150  tasks.o(.text)
    prvInitialiseNewTask                     0x000019a5   Thumb Code   172  tasks.o(.text)
    prvResetNextTaskUnblockTime              0x00001ab1   Thumb Code    42  tasks.o(.text)
    prvDeleteTCB                             0x00001adb   Thumb Code    18  tasks.o(.text)
    prvAddCurrentTaskToDelayedList           0x00001e05   Thumb Code   124  tasks.o(.text)
    prvTaskIsTaskSuspended                   0x0000230f   Thumb Code    82  tasks.o(.text)
    prvCheckTasksWaitingTermination          0x00002485   Thumb Code    60  tasks.o(.text)
    prvIdleTask                              0x000024c1   Thumb Code    32  tasks.o(.text)
    .text                                    0x00003010   Section        0  timers.o(.text)
    prvInsertTimerInActiveList               0x00003011   Thumb Code    80  timers.o(.text)
    prvSwitchTimerLists                      0x000030e1   Thumb Code   152  timers.o(.text)
    prvSampleTimeNow                         0x00003179   Thumb Code    40  timers.o(.text)
    prvProcessReceivedCommands               0x000031a1   Thumb Code   244  timers.o(.text)
    prvProcessExpiredTimer                   0x00003295   Thumb Code    96  timers.o(.text)
    prvProcessTimerOrBlockTask               0x000032f5   Thumb Code   102  timers.o(.text)
    prvGetNextExpireTime                     0x0000335b   Thumb Code    36  timers.o(.text)
    prvTimerTask                             0x0000337f   Thumb Code    26  timers.o(.text)
    prvCheckForValidListAndQueue             0x00003399   Thumb Code    56  timers.o(.text)
    prvInitialiseNewTimer                    0x00003441   Thumb Code    80  timers.o(.text)
    .text                                    0x000035f0   Section        0  port.o(.text)
    prvTaskExitError                         0x000035f1   Thumb Code    64  port.o(.text)
    .text                                    0x00003950   Section        0  heap_1.o(.text)
    .text                                    0x000039f8   Section      138  rt_memcpy_v6.o(.text)
    .text                                    0x00003a82   Section        0  heapauxi.o(.text)
    .text                                    0x00003a88   Section      100  rt_memcpy_w.o(.text)
    .text                                    0x00003aec   Section       74  sys_stackheap_outer.o(.text)
    .text                                    0x00003b36   Section        0  exit.o(.text)
    .text                                    0x00003b44   Section        8  libspace.o(.text)
    .text                                    0x00003b4c   Section        0  sys_exit.o(.text)
    .text                                    0x00003b58   Section        2  use_no_semi.o(.text)
    .text                                    0x00003b5a   Section        0  indicate_semi.o(.text)
    x$fpl$d2f                                0x00003b5c   Section       98  d2f.o(x$fpl$d2f)
    $v0                                      0x00003b5c   Number         0  d2f.o(x$fpl$d2f)
    x$fpl$dadd                               0x00003bc0   Section      336  daddsub_clz.o(x$fpl$dadd)
    $v0                                      0x00003bc0   Number         0  daddsub_clz.o(x$fpl$dadd)
    _dadd1                                   0x00003bd1   Thumb Code     0  daddsub_clz.o(x$fpl$dadd)
    x$fpl$ddiv                               0x00003d10   Section      688  ddiv.o(x$fpl$ddiv)
    $v0                                      0x00003d10   Number         0  ddiv.o(x$fpl$ddiv)
    ddiv_entry                               0x00003d17   Thumb Code     0  ddiv.o(x$fpl$ddiv)
    x$fpl$dfixu                              0x00003fc0   Section       90  dfixu.o(x$fpl$dfixu)
    $v0                                      0x00003fc0   Number         0  dfixu.o(x$fpl$dfixu)
    x$fpl$dfltu                              0x0000401a   Section       38  dflt_clz.o(x$fpl$dfltu)
    $v0                                      0x0000401a   Number         0  dflt_clz.o(x$fpl$dfltu)
    x$fpl$dmul                               0x00004040   Section      340  dmul.o(x$fpl$dmul)
    $v0                                      0x00004040   Number         0  dmul.o(x$fpl$dmul)
    x$fpl$dnaninf                            0x00004194   Section      156  dnaninf.o(x$fpl$dnaninf)
    $v0                                      0x00004194   Number         0  dnaninf.o(x$fpl$dnaninf)
    x$fpl$dretinf                            0x00004230   Section       12  dretinf.o(x$fpl$dretinf)
    $v0                                      0x00004230   Number         0  dretinf.o(x$fpl$dretinf)
    x$fpl$dsub                               0x0000423c   Section      468  daddsub_clz.o(x$fpl$dsub)
    $v0                                      0x0000423c   Number         0  daddsub_clz.o(x$fpl$dsub)
    _dsub1                                   0x0000424d   Thumb Code     0  daddsub_clz.o(x$fpl$dsub)
    x$fpl$f2d                                0x00004410   Section       86  f2d.o(x$fpl$f2d)
    $v0                                      0x00004410   Number         0  f2d.o(x$fpl$f2d)
    x$fpl$fnaninf                            0x00004466   Section      140  fnaninf.o(x$fpl$fnaninf)
    $v0                                      0x00004466   Number         0  fnaninf.o(x$fpl$fnaninf)
    x$fpl$fpinit                             0x000044f2   Section       10  fpinit.o(x$fpl$fpinit)
    $v0                                      0x000044f2   Number         0  fpinit.o(x$fpl$fpinit)
    x$fpl$fretinf                            0x000044fc   Section       10  fretinf.o(x$fpl$fretinf)
    $v0                                      0x000044fc   Number         0  fretinf.o(x$fpl$fretinf)
    x$fpl$usenofp                            0x00004506   Section        0  usenofp.o(x$fpl$usenofp)
    .data                                    0x20000000   Section        8  main.o(.data)
    .data                                    0x20000008   Section       60  tasks.o(.data)
    uxDeletedTasksWaitingCleanUp             0x2000000c   Data           4  tasks.o(.data)
    uxCurrentNumberOfTasks                   0x20000010   Data           4  tasks.o(.data)
    xTickCount                               0x20000014   Data           4  tasks.o(.data)
    uxTopReadyPriority                       0x20000018   Data           4  tasks.o(.data)
    xSchedulerRunning                        0x2000001c   Data           4  tasks.o(.data)
    uxPendedTicks                            0x20000020   Data           4  tasks.o(.data)
    xYieldPending                            0x20000024   Data           4  tasks.o(.data)
    xNumOfOverflows                          0x20000028   Data           4  tasks.o(.data)
    uxTaskNumber                             0x2000002c   Data           4  tasks.o(.data)
    xNextTaskUnblockTime                     0x20000030   Data           4  tasks.o(.data)
    xIdleTaskHandle                          0x20000034   Data           4  tasks.o(.data)
    uxSchedulerSuspended                     0x20000038   Data           4  tasks.o(.data)
    pxDelayedTaskList                        0x2000003c   Data           4  tasks.o(.data)
    pxOverflowDelayedTaskList                0x20000040   Data           4  tasks.o(.data)
    .data                                    0x20000044   Section       20  timers.o(.data)
    xTimerQueue                              0x20000044   Data           4  timers.o(.data)
    xTimerTaskHandle                         0x20000048   Data           4  timers.o(.data)
    xLastTime                                0x2000004c   Data           4  timers.o(.data)
    pxCurrentTimerList                       0x20000050   Data           4  timers.o(.data)
    pxOverflowTimerList                      0x20000054   Data           4  timers.o(.data)
    .data                                    0x20000058   Section       12  port.o(.data)
    uxCriticalNesting                        0x20000058   Data           4  port.o(.data)
    ucMaxSysCallPriority                     0x2000005c   Data           1  port.o(.data)
    ulMaxPRIGROUPValue                       0x20000060   Data           4  port.o(.data)
    .data                                    0x20000064   Section        8  heap_1.o(.data)
    xNextFreeByte                            0x20000064   Data           4  heap_1.o(.data)
    pucAlignedHeap                           0x20000068   Data           4  heap_1.o(.data)
    .bss                                     0x2000006c   Section      200  tasks.o(.bss)
    pxReadyTasksLists                        0x2000006c   Data         100  tasks.o(.bss)
    xDelayedTaskList1                        0x200000d0   Data          20  tasks.o(.bss)
    xDelayedTaskList2                        0x200000e4   Data          20  tasks.o(.bss)
    xPendingReadyList                        0x200000f8   Data          20  tasks.o(.bss)
    xTasksWaitingTermination                 0x2000010c   Data          20  tasks.o(.bss)
    xSuspendedTaskList                       0x20000120   Data          20  tasks.o(.bss)
    .bss                                     0x20000134   Section       40  timers.o(.bss)
    xActiveTimerList1                        0x20000134   Data          20  timers.o(.bss)
    xActiveTimerList2                        0x20000148   Data          20  timers.o(.bss)
    .bss                                     0x2000015c   Section     4096  heap_1.o(.bss)
    ucHeap                                   0x2000015c   Data        4096  heap_1.o(.bss)
    .bss                                     0x2000115c   Section       96  libspace.o(.bss)
    HEAP                                     0x200011c0   Section        0  startup_rvmdk.o(HEAP)
    STACK                                    0x200011c0   Section      256  startup_rvmdk.o(STACK)
    HeapMem                                  0x200011c0   Data           0  startup_rvmdk.o(HEAP)
    StackMem                                 0x200011c0   Data           0  startup_rvmdk.o(STACK)

    Global Symbols

    Symbol Name                              Value     Ov Type        Size  Object(Section)

    BuildAttributes$$THM_ISAv4$E$P$D$K$B$S$7EM$VFPi3$EXTD16$VFPS$VFMA$PE$A:L22UL41UL21$X:L11$S22US41US21$IEEE1$IW$USESV6$~STKCKD$USESV7$~SHL$OSPACE$ROPI$EBA8$UX$STANDARDLIB$REQ8$PRES8$EABIv2 0x00000000   Number         0  anon$$obj.o ABSOLUTE
    __ARM_use_no_argv                        0x00000000   Number         0  main.o ABSOLUTE
    __Vectors                                0x00000000   Data           0  startup_rvmdk.o(RESET)
    __ARM_exceptions_init                     - Undefined Weak Reference
    __alloca_initialize                       - Undefined Weak Reference
    __cpp_initialize__aeabi_                  - Undefined Weak Reference
    __cxa_finalize                            - Undefined Weak Reference
    __rt_locale                               - Undefined Weak Reference
    __sigvec_lookup                           - Undefined Weak Reference
    _atexit_init                              - Undefined Weak Reference
    _call_atexit_fns                          - Undefined Weak Reference
    _clock_init                               - Undefined Weak Reference
    _fp_trap_init                             - Undefined Weak Reference
    _fp_trap_shutdown                         - Undefined Weak Reference
    _get_lc_collate                           - Undefined Weak Reference
    _get_lc_ctype                             - Undefined Weak Reference
    _get_lc_monetary                          - Undefined Weak Reference
    _get_lc_numeric                           - Undefined Weak Reference
    _get_lc_time                              - Undefined Weak Reference
    _getenv_init                              - Undefined Weak Reference
    _handle_redirection                       - Undefined Weak Reference
    _init_alloc                               - Undefined Weak Reference
    _init_user_alloc                          - Undefined Weak Reference
    _initio                                   - Undefined Weak Reference
    _rand_init                                - Undefined Weak Reference
    _signal_finish                            - Undefined Weak Reference
    _signal_init                              - Undefined Weak Reference
    _terminate_alloc                          - Undefined Weak Reference
    _terminate_user_alloc                     - Undefined Weak Reference
    _terminateio                              - Undefined Weak Reference
    Reset_Handler                            0x0000026d   Thumb Code     0  startup_rvmdk.o(RESET)
    __main                                   0x00000289   Thumb Code     8  __main.o(!!!main)
    __scatterload                            0x00000291   Thumb Code     0  __scatter.o(!!!scatter)
    __scatterload_rt2                        0x00000291   Thumb Code    44  __scatter.o(!!!scatter)
    __scatterload_rt2_thumb_only             0x00000291   Thumb Code     0  __scatter.o(!!!scatter)
    __scatterload_null                       0x0000029f   Thumb Code     0  __scatter.o(!!!scatter)
    __scatterload_copy                       0x000002c5   Thumb Code    26  __scatter_copy.o(!!handler_copy)
    __scatterload_zeroinit                   0x000002e1   Thumb Code    28  __scatter_zi.o(!!handler_zi)
    __rt_lib_init                            0x000002fd   Thumb Code     0  libinit.o(.ARM.Collect$$libinit$$00000000)
    __rt_lib_init_fp_1                       0x000002ff   Thumb Code     0  libinit2.o(.ARM.Collect$$libinit$$00000001)
    __rt_lib_init_alloca_1                   0x00000303   Thumb Code     0  libinit2.o(.ARM.Collect$$libinit$$0000002C)
    __rt_lib_init_argv_1                     0x00000303   Thumb Code     0  libinit2.o(.ARM.Collect$$libinit$$0000002A)
    __rt_lib_init_atexit_1                   0x00000303   Thumb Code     0  libinit2.o(.ARM.Collect$$libinit$$00000019)
    __rt_lib_init_clock_1                    0x00000303   Thumb Code     0  libinit2.o(.ARM.Collect$$libinit$$0000001F)
    __rt_lib_init_cpp_1                      0x00000303   Thumb Code     0  libinit2.o(.ARM.Collect$$libinit$$00000030)
    __rt_lib_init_exceptions_1               0x00000303   Thumb Code     0  libinit2.o(.ARM.Collect$$libinit$$0000002E)
    __rt_lib_init_fp_trap_1                  0x00000303   Thumb Code     0  libinit2.o(.ARM.Collect$$libinit$$0000001D)
    __rt_lib_init_getenv_1                   0x00000303   Thumb Code     0  libinit2.o(.ARM.Collect$$libinit$$00000021)
    __rt_lib_init_heap_1                     0x00000303   Thumb Code     0  libinit2.o(.ARM.Collect$$libinit$$00000008)
    __rt_lib_init_lc_collate_1               0x00000303   Thumb Code     0  libinit2.o(.ARM.Collect$$libinit$$0000000F)
    __rt_lib_init_lc_ctype_1                 0x00000303   Thumb Code     0  libinit2.o(.ARM.Collect$$libinit$$00000011)
    __rt_lib_init_lc_monetary_1              0x00000303   Thumb Code     0  libinit2.o(.ARM.Collect$$libinit$$00000013)
    __rt_lib_init_lc_numeric_1               0x00000303   Thumb Code     0  libinit2.o(.ARM.Collect$$libinit$$00000015)
    __rt_lib_init_lc_time_1                  0x00000303   Thumb Code     0  libinit2.o(.ARM.Collect$$libinit$$00000017)
    __rt_lib_init_rand_1                     0x00000303   Thumb Code     0  libinit2.o(.ARM.Collect$$libinit$$0000000C)
    __rt_lib_init_return                     0x00000303   Thumb Code     0  libinit2.o(.ARM.Collect$$libinit$$00000031)
    __rt_lib_init_signal_1                   0x00000303   Thumb Code     0  libinit2.o(.ARM.Collect$$libinit$$0000001B)
    __rt_lib_init_stdio_1                    0x00000303   Thumb Code     0  libinit2.o(.ARM.Collect$$libinit$$00000023)
    __rt_lib_init_user_alloc_1               0x00000303   Thumb Code     0  libinit2.o(.ARM.Collect$$libinit$$0000000A)
    __rt_lib_shutdown                        0x00000305   Thumb Code     0  libshutdown.o(.ARM.Collect$$libshutdown$$00000000)
    __rt_lib_shutdown_fp_trap_1              0x00000307   Thumb Code     0  libshutdown2.o(.ARM.Collect$$libshutdown$$00000006)
    __rt_lib_shutdown_heap_1                 0x00000307   Thumb Code     0  libshutdown2.o(.ARM.Collect$$libshutdown$$0000000E)
    __rt_lib_shutdown_return                 0x00000307   Thumb Code     0  libshutdown2.o(.ARM.Collect$$libshutdown$$0000000F)
    __rt_lib_shutdown_signal_1               0x00000307   Thumb Code     0  libshutdown2.o(.ARM.Collect$$libshutdown$$00000009)
    __rt_lib_shutdown_stdio_1                0x00000307   Thumb Code     0  libshutdown2.o(.ARM.Collect$$libshutdown$$00000003)
    __rt_lib_shutdown_user_alloc_1           0x00000307   Thumb Code     0  libshutdown2.o(.ARM.Collect$$libshutdown$$0000000B)
    __rt_entry                               0x00000309   Thumb Code     0  rtentry.o(.ARM.Collect$$rtentry$$00000000)
    __rt_entry_presh_1                       0x00000309   Thumb Code     0  rtentry2.o(.ARM.Collect$$rtentry$$00000002)
    __rt_entry_sh                            0x00000309   Thumb Code     0  rtentry4.o(.ARM.Collect$$rtentry$$00000004)
    __rt_entry_li                            0x0000030f   Thumb Code     0  rtentry2.o(.ARM.Collect$$rtentry$$0000000A)
    __rt_entry_postsh_1                      0x0000030f   Thumb Code     0  rtentry2.o(.ARM.Collect$$rtentry$$00000009)
    __rt_entry_main                          0x00000313   Thumb Code     0  rtentry2.o(.ARM.Collect$$rtentry$$0000000D)
    __rt_entry_postli_1                      0x00000313   Thumb Code     0  rtentry2.o(.ARM.Collect$$rtentry$$0000000C)
    __rt_exit                                0x0000031b   Thumb Code     0  rtexit.o(.ARM.Collect$$rtexit$$00000000)
    __rt_exit_ls                             0x0000031d   Thumb Code     0  rtexit2.o(.ARM.Collect$$rtexit$$00000003)
    __rt_exit_prels_1                        0x0000031d   Thumb Code     0  rtexit2.o(.ARM.Collect$$rtexit$$00000002)
    __rt_exit_exit                           0x00000321   Thumb Code     0  rtexit2.o(.ARM.Collect$$rtexit$$00000004)
    SVC_Handler                              0x00000329   Thumb Code    28  port.o(.emb_text)
    __asm___6_port_c_39a90d8d__prvStartFirstTask 0x00000349   Thumb Code    36  port.o(.emb_text)
    __asm___6_port_c_39a90d8d__prvEnableVFP  0x00000371   Thumb Code    16  port.o(.emb_text)
    PendSV_Handler                           0x00000385   Thumb Code    88  port.o(.emb_text)
    vPortGetIPSR                             0x000003e1   Thumb Code     6  port.o(.emb_text)
    __user_initial_stackheap                 0x000003e9   Thumb Code     0  startup_rvmdk.o(.text)
    PortB_Init                               0x00000401   Thumb Code    74  main.o(.text)
    writeDataOnSevenSegment                  0x0000044b   Thumb Code    24  main.o(.text)
    systick_init                             0x00000463   Thumb Code    24  main.o(.text)
    systick_wait                             0x0000047b   Thumb Code    28  main.o(.text)
    systick_wait_1ms                         0x00000497   Thumb Code    32  main.o(.text)
    initUART0                                0x000004b7   Thumb Code   296  main.o(.text)
    UART0_receive_byte                       0x000005df   Thumb Code    20  main.o(.text)
    UART0_send_byte                          0x000005f3   Thumb Code    18  main.o(.text)
    ADC0_Init                                0x00000605   Thumb Code   198  main.o(.text)
    ADC_seq3                                 0x000006cb   Thumb Code    36  main.o(.text)
    task1                                    0x000006ef   Thumb Code   124  main.o(.text)
    task2                                    0x0000076b   Thumb Code    20  main.o(.text)
    main                                     0x0000077f   Thumb Code    14  main.o(.text)
    vListInitialise                          0x000007fd   Thumb Code    26  list.o(.text)
    vListInitialiseItem                      0x00000817   Thumb Code     6  list.o(.text)
    vListInsertEnd                           0x0000081d   Thumb Code    24  list.o(.text)
    vListInsert                              0x00000835   Thumb Code    52  list.o(.text)
    uxListRemove                             0x00000869   Thumb Code    40  list.o(.text)
    xQueueGenericReset                       0x00000891   Thumb Code   148  queue.o(.text)
    xQueueGenericCreate                      0x0000094f   Thumb Code    90  queue.o(.text)
    xQueueGenericSend                        0x00000b69   Thumb Code   462  queue.o(.text)
    xQueueCreateMutex                        0x00000d53   Thumb Code    34  queue.o(.text)
    xQueueGiveMutexRecursive                 0x00000d75   Thumb Code    74  queue.o(.text)
    xQueueSemaphoreTake                      0x00000ded   Thumb Code   438  queue.o(.text)
    xQueueTakeMutexRecursive                 0x00000fa3   Thumb Code    80  queue.o(.text)
    xQueueCreateCountingSemaphore            0x00000ff3   Thumb Code    96  queue.o(.text)
    xQueueGenericSendFromISR                 0x00001053   Thumb Code   278  queue.o(.text)
    xQueueGiveFromISR                        0x00001169   Thumb Code   254  queue.o(.text)
    xQueueReceive                            0x00001291   Thumb Code   358  queue.o(.text)
    xQueuePeek                               0x000013f7   Thumb Code   364  queue.o(.text)
    xQueueReceiveFromISR                     0x00001563   Thumb Code   208  queue.o(.text)
    xQueuePeekFromISR                        0x00001633   Thumb Code   184  queue.o(.text)
    uxQueueMessagesWaiting                   0x000016eb   Thumb Code    50  queue.o(.text)
    uxQueueSpacesAvailable                   0x0000171d   Thumb Code    50  queue.o(.text)
    uxQueueMessagesWaitingFromISR            0x0000174f   Thumb Code    32  queue.o(.text)
    vQueueDelete                             0x0000176f   Thumb Code    40  queue.o(.text)
    xQueueIsQueueEmptyFromISR                0x00001797   Thumb Code    40  queue.o(.text)
    xQueueIsQueueFullFromISR                 0x000017bf   Thumb Code    44  queue.o(.text)
    vQueueWaitForMessageRestricted           0x000017eb   Thumb Code    70  queue.o(.text)
    xQueueCreateSet                          0x00001831   Thumb Code    20  queue.o(.text)
    xQueueAddToSet                           0x00001845   Thumb Code    38  queue.o(.text)
    xQueueRemoveFromSet                      0x0000186b   Thumb Code    48  queue.o(.text)
    xQueueSelectFromSet                      0x0000189b   Thumb Code    24  queue.o(.text)
    xQueueSelectFromSetFromISR               0x000018b3   Thumb Code    22  queue.o(.text)
    xTaskCreate                              0x00001a51   Thumb Code    96  tasks.o(.text)
    vTaskDelete                              0x00001aed   Thumb Code   204  tasks.o(.text)
    xTaskIncrementTick                       0x00001bb9   Thumb Code   362  tasks.o(.text)
    xTaskResumeAll                           0x00001d23   Thumb Code   226  tasks.o(.text)
    vTaskSuspendAll                          0x00001e81   Thumb Code    12  tasks.o(.text)
    vTaskDelayUntil                          0x00001e8d   Thumb Code   206  tasks.o(.text)
    vTaskDelay                               0x00001f5b   Thumb Code    84  tasks.o(.text)
    eTaskGetState                            0x00001faf   Thumb Code   114  tasks.o(.text)
    uxTaskPriorityGet                        0x00002021   Thumb Code    30  tasks.o(.text)
    uxTaskPriorityGetFromISR                 0x0000203f   Thumb Code    64  tasks.o(.text)
    vTaskPrioritySet                         0x0000207f   Thumb Code   324  tasks.o(.text)
    vTaskSwitchContext                       0x000021c3   Thumb Code   120  tasks.o(.text)
    vTaskSuspend                             0x0000223b   Thumb Code   212  tasks.o(.text)
    vTaskResume                              0x00002361   Thumb Code   130  tasks.o(.text)
    xTaskResumeFromISR                       0x000023e3   Thumb Code   162  tasks.o(.text)
    vTaskStartScheduler                      0x000024e1   Thumb Code   192  tasks.o(.text)
    vTaskEndScheduler                        0x000025a1   Thumb Code    34  tasks.o(.text)
    xTaskGetTickCount                        0x000025c3   Thumb Code     6  tasks.o(.text)
    xTaskGetTickCountFromISR                 0x000025c9   Thumb Code    16  tasks.o(.text)
    uxTaskGetNumberOfTasks                   0x000025d9   Thumb Code     6  tasks.o(.text)
    pcTaskGetName                            0x000025df   Thumb Code    46  tasks.o(.text)
    vTaskPlaceOnEventList                    0x0000260d   Thumb Code    54  tasks.o(.text)
    vTaskPlaceOnUnorderedEventList           0x00002643   Thumb Code   104  tasks.o(.text)
    vTaskPlaceOnEventListRestricted          0x000026ab   Thumb Code    62  tasks.o(.text)
    xTaskRemoveFromEventList                 0x000026e9   Thumb Code   130  tasks.o(.text)
    vTaskRemoveFromUnorderedEventList        0x0000276b   Thumb Code   146  tasks.o(.text)
    vTaskSetTimeOutState                     0x000027fd   Thumb Code    52  tasks.o(.text)
    vTaskInternalSetTimeOutState             0x00002831   Thumb Code    14  tasks.o(.text)
    xTaskCheckForTimeOut                     0x0000283f   Thumb Code   136  tasks.o(.text)
    vTaskMissedYield                         0x000028c7   Thumb Code     8  tasks.o(.text)
    xTaskGetCurrentTaskHandle                0x000028cf   Thumb Code     6  tasks.o(.text)
    xTaskGetSchedulerState                   0x000028d5   Thumb Code    24  tasks.o(.text)
    xTaskPriorityInherit                     0x000028ed   Thumb Code   230  tasks.o(.text)
    xTaskPriorityDisinherit                  0x000029d3   Thumb Code   192  tasks.o(.text)
    vTaskPriorityDisinheritAfterTimeout      0x00002a93   Thumb Code   234  tasks.o(.text)
    uxTaskResetEventItemValue                0x00002b7d   Thumb Code    24  tasks.o(.text)
    pvTaskIncrementMutexHeldCount            0x00002b95   Thumb Code    26  tasks.o(.text)
    ulTaskNotifyTake                         0x00002baf   Thumb Code   108  tasks.o(.text)
    xTaskNotifyWait                          0x00002c1b   Thumb Code   150  tasks.o(.text)
    xTaskGenericNotify                       0x00002cb1   Thumb Code   262  tasks.o(.text)
    xTaskGenericNotifyFromISR                0x00002db7   Thumb Code   304  tasks.o(.text)
    vTaskNotifyGiveFromISR                   0x00002ee7   Thumb Code   222  tasks.o(.text)
    xTaskNotifyStateClear                    0x00002fc5   Thumb Code    48  tasks.o(.text)
    xTimerGenericCommand                     0x00003061   Thumb Code   128  timers.o(.text)
    xTimerCreateTimerTask                    0x000033d1   Thumb Code   112  timers.o(.text)
    xTimerCreate                             0x00003491   Thumb Code    48  timers.o(.text)
    xTimerGetTimerDaemonTaskHandle           0x000034c1   Thumb Code    44  timers.o(.text)
    xTimerGetPeriod                          0x000034ed   Thumb Code    34  timers.o(.text)
    xTimerGetExpiryTime                      0x0000350f   Thumb Code    36  timers.o(.text)
    pcTimerGetName                           0x00003533   Thumb Code    34  timers.o(.text)
    xTimerIsTimerActive                      0x00003555   Thumb Code    58  timers.o(.text)
    pvTimerGetTimerID                        0x0000358f   Thumb Code    46  timers.o(.text)
    vTimerSetTimerID                         0x000035bd   Thumb Code    46  timers.o(.text)
    pxPortInitialiseStack                    0x00003631   Thumb Code    38  port.o(.text)
    vPortSetupTimerInterrupt                 0x00003657   Thumb Code    36  port.o(.text)
    xPortStartScheduler                      0x0000367b   Thumb Code   338  port.o(.text)
    vPortEndScheduler                        0x000037cd   Thumb Code    44  port.o(.text)
    vPortEnterCritical                       0x000037f9   Thumb Code    84  port.o(.text)
    vPortExitCritical                        0x0000384d   Thumb Code    58  port.o(.text)
    SysTick_Handler                          0x00003887   Thumb Code    50  port.o(.text)
    vPortValidateInterruptPriority           0x000038b9   Thumb Code   114  port.o(.text)
    pvPortMalloc                             0x00003951   Thumb Code    98  heap_1.o(.text)
    vPortFree                                0x000039b3   Thumb Code    36  heap_1.o(.text)
    vPortInitialiseBlocks                    0x000039d7   Thumb Code     8  heap_1.o(.text)
    xPortGetFreeHeapSize                     0x000039df   Thumb Code    12  heap_1.o(.text)
    __aeabi_memcpy                           0x000039f9   Thumb Code     0  rt_memcpy_v6.o(.text)
    __rt_memcpy                              0x000039f9   Thumb Code   138  rt_memcpy_v6.o(.text)
    _memcpy_lastbytes                        0x00003a5f   Thumb Code     0  rt_memcpy_v6.o(.text)
    __use_two_region_memory                  0x00003a83   Thumb Code     2  heapauxi.o(.text)
    __rt_heap_escrow$2region                 0x00003a85   Thumb Code     2  heapauxi.o(.text)
    __rt_heap_expand$2region                 0x00003a87   Thumb Code     2  heapauxi.o(.text)
    __aeabi_memcpy4                          0x00003a89   Thumb Code     0  rt_memcpy_w.o(.text)
    __aeabi_memcpy8                          0x00003a89   Thumb Code     0  rt_memcpy_w.o(.text)
    __rt_memcpy_w                            0x00003a89   Thumb Code   100  rt_memcpy_w.o(.text)
    _memcpy_lastbytes_aligned                0x00003ad1   Thumb Code     0  rt_memcpy_w.o(.text)
    __user_setup_stackheap                   0x00003aed   Thumb Code    74  sys_stackheap_outer.o(.text)
    exit                                     0x00003b37   Thumb Code    12  exit.o(.text)
    __user_libspace                          0x00003b45   Thumb Code     8  libspace.o(.text)
    __user_perproc_libspace                  0x00003b45   Thumb Code     0  libspace.o(.text)
    __user_perthread_libspace                0x00003b45   Thumb Code     0  libspace.o(.text)
    _sys_exit                                0x00003b4d   Thumb Code     8  sys_exit.o(.text)
    __I$use$semihosting                      0x00003b59   Thumb Code     0  use_no_semi.o(.text)
    __use_no_semihosting_swi                 0x00003b59   Thumb Code     2  use_no_semi.o(.text)
    __semihosting_library_function           0x00003b5b   Thumb Code     0  indicate_semi.o(.text)
    __aeabi_d2f                              0x00003b5d   Thumb Code     0  d2f.o(x$fpl$d2f)
    _d2f                                     0x00003b5d   Thumb Code    98  d2f.o(x$fpl$d2f)
    __aeabi_dadd                             0x00003bc1   Thumb Code     0  daddsub_clz.o(x$fpl$dadd)
    _dadd                                    0x00003bc1   Thumb Code   332  daddsub_clz.o(x$fpl$dadd)
    __aeabi_ddiv                             0x00003d11   Thumb Code     0  ddiv.o(x$fpl$ddiv)
    _ddiv                                    0x00003d11   Thumb Code   552  ddiv.o(x$fpl$ddiv)
    __aeabi_d2uiz                            0x00003fc1   Thumb Code     0  dfixu.o(x$fpl$dfixu)
    _dfixu                                   0x00003fc1   Thumb Code    90  dfixu.o(x$fpl$dfixu)
    __aeabi_ui2d                             0x0000401b   Thumb Code     0  dflt_clz.o(x$fpl$dfltu)
    _dfltu                                   0x0000401b   Thumb Code    38  dflt_clz.o(x$fpl$dfltu)
    __aeabi_dmul                             0x00004041   Thumb Code     0  dmul.o(x$fpl$dmul)
    _dmul                                    0x00004041   Thumb Code   332  dmul.o(x$fpl$dmul)
    __fpl_dnaninf                            0x00004195   Thumb Code   156  dnaninf.o(x$fpl$dnaninf)
    __fpl_dretinf                            0x00004231   Thumb Code    12  dretinf.o(x$fpl$dretinf)
    __aeabi_dsub                             0x0000423d   Thumb Code     0  daddsub_clz.o(x$fpl$dsub)
    _dsub                                    0x0000423d   Thumb Code   464  daddsub_clz.o(x$fpl$dsub)
    __aeabi_f2d                              0x00004411   Thumb Code     0  f2d.o(x$fpl$f2d)
    _f2d                                     0x00004411   Thumb Code    86  f2d.o(x$fpl$f2d)
    __fpl_fnaninf                            0x00004467   Thumb Code   140  fnaninf.o(x$fpl$fnaninf)
    _fp_init                                 0x000044f3   Thumb Code    10  fpinit.o(x$fpl$fpinit)
    __fplib_config_fpu_vfp                   0x000044fb   Thumb Code     0  fpinit.o(x$fpl$fpinit)
    __fplib_config_pureend_doubles           0x000044fb   Thumb Code     0  fpinit.o(x$fpl$fpinit)
    __fpl_fretinf                            0x000044fd   Thumb Code    10  fretinf.o(x$fpl$fretinf)
    __I$use$fp                               0x00004506   Number         0  usenofp.o(x$fpl$usenofp)
    Region$$Table$$Base                      0x00004508   Number         0  anon$$obj.o(Region$$Table)
    Region$$Table$$Limit                     0x00004528   Number         0  anon$$obj.o(Region$$Table)
    SystemCoreClock                          0x20000000   Data           4  main.o(.data)
    displayed_value                          0x20000004   Data           4  main.o(.data)
    pxCurrentTCB                             0x20000008   Data           4  tasks.o(.data)
    __libspace_start                         0x2000115c   Data          96  libspace.o(.bss)
    __temporary_stack_top$libspace           0x200011bc   Data           0  libspace.o(.bss)



==============================================================================

Memory Map of the image

  Image Entry point : 0x0000026d

  Load Region LR_1 (Base: 0x00000000, Size: 0x00004594, Max: 0xffffffff, ABSOLUTE)

    Execution Region ER_RO (Base: 0x00000000, Size: 0x00004528, Max: 0xffffffff, ABSOLUTE)

    Base Addr    Size         Type   Attr      Idx    E Section Name        Object

    0x00000000   0x00000288   Code   RO            3  * RESET               startup_rvmdk.o
    0x00000288   0x00000008   Code   RO          221  * !!!main             c_w.l(__main.o)
    0x00000290   0x00000034   Code   RO          412    !!!scatter          c_w.l(__scatter.o)
    0x000002c4   0x0000001a   Code   RO          414    !!handler_copy      c_w.l(__scatter_copy.o)
    0x000002de   0x00000002   PAD
    0x000002e0   0x0000001c   Code   RO          416    !!handler_zi        c_w.l(__scatter_zi.o)
    0x000002fc   0x00000002   Code   RO          285    .ARM.Collect$$libinit$$00000000  c_w.l(libinit.o)
    0x000002fe   0x00000004   Code   RO          291    .ARM.Collect$$libinit$$00000001  c_w.l(libinit2.o)
    0x00000302   0x00000000   Code   RO          295    .ARM.Collect$$libinit$$00000008  c_w.l(libinit2.o)
    0x00000302   0x00000000   Code   RO          297    .ARM.Collect$$libinit$$0000000A  c_w.l(libinit2.o)
    0x00000302   0x00000000   Code   RO          299    .ARM.Collect$$libinit$$0000000C  c_w.l(libinit2.o)
    0x00000302   0x00000000   Code   RO          302    .ARM.Collect$$libinit$$0000000F  c_w.l(libinit2.o)
    0x00000302   0x00000000   Code   RO          304    .ARM.Collect$$libinit$$00000011  c_w.l(libinit2.o)
    0x00000302   0x00000000   Code   RO          306    .ARM.Collect$$libinit$$00000013  c_w.l(libinit2.o)
    0x00000302   0x00000000   Code   RO          308    .ARM.Collect$$libinit$$00000015  c_w.l(libinit2.o)
    0x00000302   0x00000000   Code   RO          310    .ARM.Collect$$libinit$$00000017  c_w.l(libinit2.o)
    0x00000302   0x00000000   Code   RO          312    .ARM.Collect$$libinit$$00000019  c_w.l(libinit2.o)
    0x00000302   0x00000000   Code   RO          314    .ARM.Collect$$libinit$$0000001B  c_w.l(libinit2.o)
    0x00000302   0x00000000   Code   RO          316    .ARM.Collect$$libinit$$0000001D  c_w.l(libinit2.o)
    0x00000302   0x00000000   Code   RO          318    .ARM.Collect$$libinit$$0000001F  c_w.l(libinit2.o)
    0x00000302   0x00000000   Code   RO          320    .ARM.Collect$$libinit$$00000021  c_w.l(libinit2.o)
    0x00000302   0x00000000   Code   RO          322    .ARM.Collect$$libinit$$00000023  c_w.l(libinit2.o)
    0x00000302   0x00000000   Code   RO          326    .ARM.Collect$$libinit$$0000002A  c_w.l(libinit2.o)
    0x00000302   0x00000000   Code   RO          328    .ARM.Collect$$libinit$$0000002C  c_w.l(libinit2.o)
    0x00000302   0x00000000   Code   RO          330    .ARM.Collect$$libinit$$0000002E  c_w.l(libinit2.o)
    0x00000302   0x00000000   Code   RO          332    .ARM.Collect$$libinit$$00000030  c_w.l(libinit2.o)
    0x00000302   0x00000002   Code   RO          333    .ARM.Collect$$libinit$$00000031  c_w.l(libinit2.o)
    0x00000304   0x00000002   Code   RO          353    .ARM.Collect$$libshutdown$$00000000  c_w.l(libshutdown.o)
    0x00000306   0x00000000   Code   RO          367    .ARM.Collect$$libshutdown$$00000003  c_w.l(libshutdown2.o)
    0x00000306   0x00000000   Code   RO          370    .ARM.Collect$$libshutdown$$00000006  c_w.l(libshutdown2.o)
    0x00000306   0x00000000   Code   RO          373    .ARM.Collect$$libshutdown$$00000009  c_w.l(libshutdown2.o)
    0x00000306   0x00000000   Code   RO          375    .ARM.Collect$$libshutdown$$0000000B  c_w.l(libshutdown2.o)
    0x00000306   0x00000000   Code   RO          378    .ARM.Collect$$libshutdown$$0000000E  c_w.l(libshutdown2.o)
    0x00000306   0x00000002   Code   RO          379    .ARM.Collect$$libshutdown$$0000000F  c_w.l(libshutdown2.o)
    0x00000308   0x00000000   Code   RO          249    .ARM.Collect$$rtentry$$00000000  c_w.l(rtentry.o)
    0x00000308   0x00000000   Code   RO          262    .ARM.Collect$$rtentry$$00000002  c_w.l(rtentry2.o)
    0x00000308   0x00000006   Code   RO          274    .ARM.Collect$$rtentry$$00000004  c_w.l(rtentry4.o)
    0x0000030e   0x00000000   Code   RO          264    .ARM.Collect$$rtentry$$00000009  c_w.l(rtentry2.o)
    0x0000030e   0x00000004   Code   RO          265    .ARM.Collect$$rtentry$$0000000A  c_w.l(rtentry2.o)
    0x00000312   0x00000000   Code   RO          267    .ARM.Collect$$rtentry$$0000000C  c_w.l(rtentry2.o)
    0x00000312   0x00000008   Code   RO          268    .ARM.Collect$$rtentry$$0000000D  c_w.l(rtentry2.o)
    0x0000031a   0x00000002   Code   RO          289    .ARM.Collect$$rtexit$$00000000  c_w.l(rtexit.o)
    0x0000031c   0x00000000   Code   RO          335    .ARM.Collect$$rtexit$$00000002  c_w.l(rtexit2.o)
    0x0000031c   0x00000004   Code   RO          336    .ARM.Collect$$rtexit$$00000003  c_w.l(rtexit2.o)
    0x00000320   0x00000006   Code   RO          337    .ARM.Collect$$rtexit$$00000004  c_w.l(rtexit2.o)
    0x00000326   0x00000002   PAD
    0x00000328   0x000000be   Code   RO          170    .emb_text           port.o
    0x000003e6   0x00000002   PAD
    0x000003e8   0x00000018   Code   RO            4    .text               startup_rvmdk.o
    0x00000400   0x000003fc   Code   RO           11    .text               main.o
    0x000007fc   0x00000094   Code   RO           63    .text               list.o
    0x00000890   0x00001038   Code   RO           91    .text               queue.o
    0x000018c8   0x00001748   Code   RO          121    .text               tasks.o
    0x00003010   0x000005e0   Code   RO          143    .text               timers.o
    0x000035f0   0x00000360   Code   RO          171    .text               port.o
    0x00003950   0x000000a8   Code   RO          200    .text               heap_1.o
    0x000039f8   0x0000008a   Code   RO          217    .text               c_w.l(rt_memcpy_v6.o)
    0x00003a82   0x00000006   Code   RO          219    .text               c_w.l(heapauxi.o)
    0x00003a88   0x00000064   Code   RO          250    .text               c_w.l(rt_memcpy_w.o)
    0x00003aec   0x0000004a   Code   RO          276    .text               c_w.l(sys_stackheap_outer.o)
    0x00003b36   0x0000000c   Code   RO          278    .text               c_w.l(exit.o)
    0x00003b42   0x00000002   PAD
    0x00003b44   0x00000008   Code   RO          286    .text               c_w.l(libspace.o)
    0x00003b4c   0x0000000c   Code   RO          345    .text               c_w.l(sys_exit.o)
    0x00003b58   0x00000002   Code   RO          356    .text               c_w.l(use_no_semi.o)
    0x00003b5a   0x00000000   Code   RO          358    .text               c_w.l(indicate_semi.o)
    0x00003b5a   0x00000002   PAD
    0x00003b5c   0x00000062   Code   RO          223    x$fpl$d2f           fz_wm.l(d2f.o)
    0x00003bbe   0x00000002   PAD
    0x00003bc0   0x00000150   Code   RO          225    x$fpl$dadd          fz_wm.l(daddsub_clz.o)
    0x00003d10   0x000002b0   Code   RO          232    x$fpl$ddiv          fz_wm.l(ddiv.o)
    0x00003fc0   0x0000005a   Code   RO          235    x$fpl$dfixu         fz_wm.l(dfixu.o)
    0x0000401a   0x00000026   Code   RO          239    x$fpl$dfltu         fz_wm.l(dflt_clz.o)
    0x00004040   0x00000154   Code   RO          245    x$fpl$dmul          fz_wm.l(dmul.o)
    0x00004194   0x0000009c   Code   RO          252    x$fpl$dnaninf       fz_wm.l(dnaninf.o)
    0x00004230   0x0000000c   Code   RO          254    x$fpl$dretinf       fz_wm.l(dretinf.o)
    0x0000423c   0x000001d4   Code   RO          227    x$fpl$dsub          fz_wm.l(daddsub_clz.o)
    0x00004410   0x00000056   Code   RO          247    x$fpl$f2d           fz_wm.l(f2d.o)
    0x00004466   0x0000008c   Code   RO          256    x$fpl$fnaninf       fz_wm.l(fnaninf.o)
    0x000044f2   0x0000000a   Code   RO          343    x$fpl$fpinit        fz_wm.l(fpinit.o)
    0x000044fc   0x0000000a   Code   RO          258    x$fpl$fretinf       fz_wm.l(fretinf.o)
    0x00004506   0x00000000   Code   RO          260    x$fpl$usenofp       fz_wm.l(usenofp.o)
    0x00004506   0x00000002   PAD
    0x00004508   0x00000020   Data   RO          410    Region$$Table       anon$$obj.o


    Execution Region ER_RW (Base: 0x20000000, Size: 0x0000006c, Max: 0xffffffff, ABSOLUTE)

    Base Addr    Size         Type   Attr      Idx    E Section Name        Object

    0x20000000   0x00000008   Data   RW           12    .data               main.o
    0x20000008   0x0000003c   Data   RW          123    .data               tasks.o
    0x20000044   0x00000014   Data   RW          145    .data               timers.o
    0x20000058   0x0000000c   Data   RW          172    .data               port.o
    0x20000064   0x00000008   Data   RW          202    .data               heap_1.o


    Execution Region ER_ZI (Base: 0x2000006c, Size: 0x00001254, Max: 0xffffffff, ABSOLUTE)

    Base Addr    Size         Type   Attr      Idx    E Section Name        Object

    0x2000006c   0x000000c8   Zero   RW          122    .bss                tasks.o
    0x20000134   0x00000028   Zero   RW          144    .bss                timers.o
    0x2000015c   0x00001000   Zero   RW          201    .bss                heap_1.o
    0x2000115c   0x00000060   Zero   RW          287    .bss                c_w.l(libspace.o)
    0x200011bc   0x00000004   PAD
    0x200011c0   0x00000000   Zero   RW            2    HEAP                startup_rvmdk.o
    0x200011c0   0x00000100   Zero   RW            1    STACK               startup_rvmdk.o


==============================================================================

Image component sizes


      Code (inc. data)   RO Data    RW Data    ZI Data      Debug   Object Name

       168         14          0          8       4096       1992   heap_1.o
       148          0          0          0          0       3130   list.o
      1020        112          0          8          0      17427   main.o
      1054         54          0         12          0       8699   port.o
      4152         14          0          0          0      28121   queue.o
       672        636          0          0        256        372   startup_rvmdk.o
      5960        304          0         60        200      26402   tasks.o
      1504         60          0         20         40      16171   timers.o

    ----------------------------------------------------------------------
     14680       1194         32        108       4592     102314   Object Totals
         0          0         32          0          0          0   (incl. Generated)
         2          0          0          0          0          0   (incl. Padding)

    ----------------------------------------------------------------------

      Code (inc. data)   RO Data    RW Data    ZI Data      Debug   Library Member Name

         8          0          0          0          0         68   __main.o
        52          8          0          0          0          0   __scatter.o
        26          0          0          0          0          0   __scatter_copy.o
        28          0          0          0          0          0   __scatter_zi.o
        12          0          0          0          0         72   exit.o
         6          0          0          0          0        152   heapauxi.o
         0          0          0          0          0          0   indicate_semi.o
         2          0          0          0          0          0   libinit.o
         6          0          0          0          0          0   libinit2.o
         2          0          0          0          0          0   libshutdown.o
         2          0          0          0          0          0   libshutdown2.o
         8          4          0          0         96         68   libspace.o
       138          0          0          0          0         68   rt_memcpy_v6.o
       100          0          0          0          0         80   rt_memcpy_w.o
         0          0          0          0          0          0   rtentry.o
        12          0          0          0          0          0   rtentry2.o
         6          0          0          0          0          0   rtentry4.o
         2          0          0          0          0          0   rtexit.o
        10          0          0          0          0          0   rtexit2.o
        12          4          0          0          0         68   sys_exit.o
        74          0          0          0          0         80   sys_stackheap_outer.o
         2          0          0          0          0         68   use_no_semi.o
        98          4          0          0          0        140   d2f.o
       804         16          0          0          0        368   daddsub_clz.o
       688        140          0          0          0        256   ddiv.o
        90          4          0          0          0        140   dfixu.o
        38          0          0          0          0        116   dflt_clz.o
       340         12          0          0          0        152   dmul.o
       156          4          0          0          0        140   dnaninf.o
        12          0          0          0          0        116   dretinf.o
        86          4          0          0          0        132   f2d.o
       140          4          0          0          0        132   fnaninf.o
        10          0          0          0          0        116   fpinit.o
        10          0          0          0          0        116   fretinf.o
         0          0          0          0          0          0   usenofp.o

    ----------------------------------------------------------------------
      2992        204          0          0        100       2648   Library Totals
        12          0          0          0          4          0   (incl. Padding)

    ----------------------------------------------------------------------

      Code (inc. data)   RO Data    RW Data    ZI Data      Debug   Library Name

       508         16          0          0         96        724   c_w.l
      2472        188          0          0          0       1924   fz_wm.l

    ----------------------------------------------------------------------
      2992        204          0          0        100       2648   Library Totals

    ----------------------------------------------------------------------

==============================================================================


      Code (inc. data)   RO Data    RW Data    ZI Data      Debug   

     17672       1398         32        108       4692     101398   Grand Totals
     17672       1398         32        108       4692     101398   ELF Image Totals
     17672       1398         32        108          0          0   ROM Totals

==============================================================================

    Total RO  Size (Code + RO Data)                17704 (  17.29kB)
    Total RW  Size (RW Data + ZI Data)              4800 (   4.69kB)
    Total ROM Size (Code + RO Data + RW Data)      17812 (  17.39kB)

==============================================================================

